
--- 2026-08-21T02:06:43.759Z ---
Para: marioradich@gmail.com
Asunto: Confirmación de inscripción

Hola Mario Radich!
Tu inscripción al encuentro fue registrada. Este es el detalle de los talleres:

• El Juego de Improvisación Teatral (1° parte)
  Duración: 3 horas (se realiza en un solo día)
  Fecha: 2026-10-09
  Hora: 15:00
• El Juego de Improvisación Teatral (2° parte)
  Duración: 3 horas (se realiza en un solo día)
  Fecha: 2026-10-10
  Hora: 15:30

Tipo de alimentación registrado: Sin restricción.

¡Nos vemos en el encuentro!

--- ACREDITACIÓN ---
Código único: ENC-77748EC2BC
QR (300x300+): sí (incluido en el cuerpo del mensaje)
PDF adjunto: /home/mario/desarrollos/nodejs/dramatiza-1/logs/entradas/ENC-77748EC2BC.pdf
PNG QR: /home/mario/desarrollos/nodejs/dramatiza-1/logs/entradas/ENC-77748EC2BC.png
Vista HTML del cuerpo: /home/mario/desarrollos/nodejs/dramatiza-1/logs/entradas/ENC-77748EC2BC.html

Enviado por SMTP: <1464bb7c-026b-6d15-bccc-9929ea8bcdea@gmail.com>
Imágenes en el cuerpo: logo sí, personaje sí, QR sí

--- 2026-08-21T02:07:16.264Z ---
Para: marioradich@gmail.com
Asunto: Confirmación de inscripción

Hola Mario Radich!
Tu inscripción al encuentro fue registrada. Este es el detalle de los talleres:

• El Juego de Improvisación Teatral (1° parte)
  Duración: 3 horas (se realiza en un solo día)
  Fecha: 2026-10-09
  Hora: 15:00
• El Juego de Improvisación Teatral (2° parte)
  Duración: 3 horas (se realiza en un solo día)
  Fecha: 2026-10-10
  Hora: 15:30

Tipo de alimentación registrado: Sin restricción.

¡Nos vemos en el encuentro!

--- ACREDITACIÓN ---
Código único: ENC-77748EC2BC
QR (300x300+): sí (incluido en el cuerpo del mensaje)
PDF adjunto: /home/mario/desarrollos/nodejs/dramatiza-1/logs/entradas/ENC-77748EC2BC.pdf
PNG QR: /home/mario/desarrollos/nodejs/dramatiza-1/logs/entradas/ENC-77748EC2BC.png
Vista HTML del cuerpo: /home/mario/desarrollos/nodejs/dramatiza-1/logs/entradas/ENC-77748EC2BC.html

Enviado por SMTP: <e7aa0781-3eb5-fb36-02a0-df1e1d808258@gmail.com>
Imágenes en el cuerpo: logo sí, personaje sí, QR sí

--- 2026-08-21T02:08:28.911Z ---
Para: marioradich@gmail.com
Asunto: Confirmación de inscripción

Hola Mario Radich!
Tu inscripción al Encuentro Dramatiza Salta 2026 fue registrada. Este es el detalle de los talleres:

• El Juego de Improvisación Teatral (1° parte)
  Duración: 3 horas (se realiza en un solo día)
  Fecha: 09/10/26
  Hora: 15:00
• El Juego de Improvisación Teatral (2° parte)
  Duración: 3 horas (se realiza en un solo día)
  Fecha: 10/10/26
  Hora: 15:30

Tipo de alimentación registrado: Sin restricción.

¡Nos vemos en el Encuentro Dramatiza Salta 2026!

--- ACREDITACIÓN ---
Código único: ENC-77748EC2BC
QR (300x300+): sí (incluido en el cuerpo del mensaje)
PDF adjunto: /home/mario/desarrollos/nodejs/dramatiza-1/logs/entradas/ENC-77748EC2BC.pdf
PNG QR: /home/mario/desarrollos/nodejs/dramatiza-1/logs/entradas/ENC-77748EC2BC.png
Vista HTML del cuerpo: /home/mario/desarrollos/nodejs/dramatiza-1/logs/entradas/ENC-77748EC2BC.html

Enviado por SMTP: <2685a678-3bee-2f7e-391a-d757c50b48d2@gmail.com>
Imágenes en el cuerpo: logo sí, personaje sí, QR sí

--- 2026-08-21T02:58:37.307Z ---
Para: marioradich@gmail.com
Asunto: Confirmación de inscripción

Hola Mario Radich!
Tu inscripción al Encuentro Dramatiza Salta 2026 fue registrada. Este es el detalle de los talleres:

• BUNRAKU: arte, técnica y educación (1° parte)
  Duración: 3 horas (se realiza en un solo día)
  Fecha: 10/10/26
  Hora: 09:30
• BUNRAKU: arte, técnica y educación (2° parte)
  Duración: 3 horas (se realiza en un solo día)
  Fecha: 11/10/26
  Hora: 10:00

Tipo de alimentación registrado: Sin restricción.

¡Nos vemos en el Encuentro Dramatiza Salta 2026!

--- ACREDITACIÓN ---
Código único: ENC-C2DE6B0E30
QR (300x300+): sí (incluido en el cuerpo del mensaje)
PDF adjunto: /home/mario/desarrollos/nodejs/dramatiza-1/logs/entradas/ENC-C2DE6B0E30.pdf
PNG QR: /home/mario/desarrollos/nodejs/dramatiza-1/logs/entradas/ENC-C2DE6B0E30.png
Vista HTML del cuerpo: /home/mario/desarrollos/nodejs/dramatiza-1/logs/entradas/ENC-C2DE6B0E30.html

Enviado por SMTP: <99ae59bd-1712-2a9c-cd97-bdc710725c97@gmail.com>
Imágenes en el cuerpo: logo sí, personaje sí, QR sí

--- 2026-08-21T03:02:25.769Z ---
Para: marioradich@gmail.com
Asunto: Confirmación de inscripción

Hola Mario Radich!
Tu inscripción al Encuentro Nacional Dramatiza Salta 2026 fue registrada. Este es el detalle de los talleres:

• BUNRAKU: arte, técnica y educación (1° parte)
  Duración: 3 horas (se realiza en un solo día)
  Fecha: 10/10/26
  Hora: 09:30
• BUNRAKU: arte, técnica y educación (2° parte)
  Duración: 3 horas (se realiza en un solo día)
  Fecha: 11/10/26
  Hora: 10:00

Tipo de alimentación registrado: Sin restricción.

¡Nos vemos en el Encuentro Nacional Dramatiza Salta 2026!

--- ACREDITACIÓN ---
Código único: ENC-C2DE6B0E30
QR (300x300+): sí (incluido en el cuerpo del mensaje)
PDF adjunto: /home/mario/desarrollos/nodejs/dramatiza-1/logs/entradas/ENC-C2DE6B0E30.pdf
PNG QR: /home/mario/desarrollos/nodejs/dramatiza-1/logs/entradas/ENC-C2DE6B0E30.png
Vista HTML del cuerpo: /home/mario/desarrollos/nodejs/dramatiza-1/logs/entradas/ENC-C2DE6B0E30.html

Enviado por SMTP: <562c89aa-be0f-8e0d-4c55-acc8add226b1@gmail.com>
Imágenes en el cuerpo: logo sí, personaje sí, QR sí

--- 2026-08-21T03:38:03.121Z ---
Para: marioradich@gmail.com
Asunto: Confirmación de inscripción

Hola Mario Radich!
Tu inscripción al Encuentro Nacional Dramatiza Salta 2026 fue registrada. Este es el detalle de los talleres:

• BUNRAKU: arte, técnica y educación (1° parte)
  Duración: 3 horas (se realiza en un solo día)
  Fecha: 10/10/26
  Hora: 09:30
• BUNRAKU: arte, técnica y educación (2° parte)
  Duración: 3 horas (se realiza en un solo día)
  Fecha: 11/10/26
  Hora: 10:00

Tipo de alimentación registrado: Sin restricción.

¡Nos vemos en el Encuentro Nacional Dramatiza Salta 2026!

--- ACREDITACIÓN ---
Código único: ENC-C2DE6B0E30
QR (300x300+): sí (incluido en el cuerpo del mensaje)
PDF adjunto: /home/mario/desarrollos/nodejs/dramatiza-1/logs/entradas/ENC-C2DE6B0E30.pdf
PNG QR: /home/mario/desarrollos/nodejs/dramatiza-1/logs/entradas/ENC-C2DE6B0E30.png
Vista HTML del cuerpo: /home/mario/desarrollos/nodejs/dramatiza-1/logs/entradas/ENC-C2DE6B0E30.html

Enviado por SMTP: <093950a1-77fb-c297-3418-dbe3ff37b451@gmail.com>
Imágenes en el cuerpo: logo sí, personaje sí, QR sí

--- 2026-08-21T03:39:24.911Z ---
Para: marioradich@gmail.com
Asunto: Confirmación de inscripción

Hola Mario Radich!
Tu inscripción al Encuentro Nacional Dramatiza Salta 2026 fue registrada. Este es el detalle de los talleres:

• BUNRAKU: arte, técnica y educación (1° parte)
  Duración: 3 horas (se realiza en un solo día)
  Fecha: 10/10/26
  Hora: 09:30
• BUNRAKU: arte, técnica y educación (2° parte)
  Duración: 3 horas (se realiza en un solo día)
  Fecha: 11/10/26
  Hora: 10:00

Tipo de alimentación registrado: Sin restricción.

¡Nos vemos en el Encuentro Nacional Dramatiza Salta 2026!

--- ACREDITACIÓN ---
Código único: ENC-C2DE6B0E30
QR (300x300+): sí (incluido en el cuerpo del mensaje)
PDF adjunto: /home/mario/desarrollos/nodejs/dramatiza-1/logs/entradas/ENC-C2DE6B0E30.pdf
PNG QR: /home/mario/desarrollos/nodejs/dramatiza-1/logs/entradas/ENC-C2DE6B0E30.png
Vista HTML del cuerpo: /home/mario/desarrollos/nodejs/dramatiza-1/logs/entradas/ENC-C2DE6B0E30.html

Enviado por SMTP: <259c1075-d9c2-8480-60d6-10e1821b589b@gmail.com>
Imágenes en el cuerpo: logo sí, personaje sí, QR sí

--- 2026-08-21T03:41:31.740Z ---
Para: marioradich@gmail.com
Asunto: Confirmación de inscripción

Hola Mario Radich!
Tu inscripción al Encuentro Nacional Dramatiza Salta 2026 fue registrada. Este es el detalle de los talleres:

• BUNRAKU: arte, técnica y educación (1° parte)
  Duración: 3 horas (se realiza en un solo día)
  Fecha: 10/10/26
  Hora: 09:30
• BUNRAKU: arte, técnica y educación (2° parte)
  Duración: 3 horas (se realiza en un solo día)
  Fecha: 11/10/26
  Hora: 10:00

Tipo de alimentación registrado: Sin restricción.

¡Nos vemos en el Encuentro Nacional Dramatiza Salta 2026!

--- ACREDITACIÓN ---
Código único: ENC-C2DE6B0E30
QR (300x300+): sí (incluido en el cuerpo del mensaje)
PDF adjunto: /home/mario/desarrollos/nodejs/dramatiza-1/logs/entradas/ENC-C2DE6B0E30.pdf
PNG QR: /home/mario/desarrollos/nodejs/dramatiza-1/logs/entradas/ENC-C2DE6B0E30.png
Vista HTML del cuerpo: /home/mario/desarrollos/nodejs/dramatiza-1/logs/entradas/ENC-C2DE6B0E30.html

Enviado por SMTP: <a56b55b0-bc85-7478-8b0c-fe89e80584f0@gmail.com>
Imágenes en el cuerpo: logo sí, personaje sí, QR sí

--- 2026-08-21T03:44:33.285Z ---
Para: marioradich@gmail.com
Asunto: Confirmación de inscripción

Hola Mario Radich!
Tu inscripción al Encuentro Nacional Dramatiza Salta 2026 fue registrada. Este es el detalle de los talleres:

• BUNRAKU: arte, técnica y educación (1° parte)
  Duración: 3 horas (se realiza en un solo día)
  Fecha: 10/10/26
  Hora: 09:30
• BUNRAKU: arte, técnica y educación (2° parte)
  Duración: 3 horas (se realiza en un solo día)
  Fecha: 11/10/26
  Hora: 10:00

Tipo de alimentación registrado: Sin restricción.

¡Nos vemos en el Encuentro Nacional Dramatiza Salta 2026!

--- ACREDITACIÓN ---
Código único: ENC-C2DE6B0E30
QR (300x300+): sí (incluido en el cuerpo del mensaje)
PDF adjunto: /home/mario/desarrollos/nodejs/dramatiza-1/logs/entradas/ENC-C2DE6B0E30.pdf
PNG QR: /home/mario/desarrollos/nodejs/dramatiza-1/logs/entradas/ENC-C2DE6B0E30.png
Vista HTML del cuerpo: /home/mario/desarrollos/nodejs/dramatiza-1/logs/entradas/ENC-C2DE6B0E30.html

Enviado por SMTP: <5423d335-2c35-751b-1ea6-256458a8846a@gmail.com>
Imágenes en el cuerpo: logo sí, personaje sí, QR sí

--- 2026-08-21T03:48:21.936Z ---
Para: marioradich@gmail.com
Asunto: Confirmación de inscripción

Hola Mario Radich!
Tu inscripción al Encuentro Nacional Dramatiza Salta 2026 fue registrada. Este es el detalle de los talleres:

• BUNRAKU: arte, técnica y educación (1° parte)
  Duración: 3 horas (se realiza en un solo día)
  Fecha: 10/10/26
  Hora: 09:30
• BUNRAKU: arte, técnica y educación (2° parte)
  Duración: 3 horas (se realiza en un solo día)
  Fecha: 11/10/26
  Hora: 10:00

Tipo de alimentación registrado: Sin restricción.

¡Nos vemos en el Encuentro Nacional Dramatiza Salta 2026!

--- ACREDITACIÓN ---
Código único: ENC-C2DE6B0E30
QR (300x300+): sí (incluido en el cuerpo del mensaje)
PDF adjunto: /home/mario/desarrollos/nodejs/dramatiza-1/logs/entradas/ENC-C2DE6B0E30.pdf
PNG QR: /home/mario/desarrollos/nodejs/dramatiza-1/logs/entradas/ENC-C2DE6B0E30.png
Vista HTML del cuerpo: /home/mario/desarrollos/nodejs/dramatiza-1/logs/entradas/ENC-C2DE6B0E30.html

Enviado por SMTP: <776159fc-af5a-78a7-a930-d5c8ed8b3ff3@gmail.com>
Imágenes en el cuerpo: logo sí, personaje sí, QR sí

--- 2026-08-21T03:49:59.998Z ---
Para: marioradich@gmail.com
Asunto: Confirmación de inscripción

Hola Mario Radich!
Tu inscripción al Encuentro Nacional Dramatiza Salta 2026 fue registrada. Este es el detalle de los talleres:

• BUNRAKU: arte, técnica y educación (1° parte)
  Duración: 3 horas (se realiza en un solo día)
  Fecha: 10/10/26
  Hora: 09:30
• BUNRAKU: arte, técnica y educación (2° parte)
  Duración: 3 horas (se realiza en un solo día)
  Fecha: 11/10/26
  Hora: 10:00

Tipo de alimentación registrado: Sin restricción.

¡Nos vemos en el Encuentro Nacional Dramatiza Salta 2026!

--- ACREDITACIÓN ---
Código único: ENC-C2DE6B0E30
QR (300x300+): sí (incluido en el cuerpo del mensaje)
PDF adjunto: /home/mario/desarrollos/nodejs/dramatiza-1/logs/entradas/ENC-C2DE6B0E30.pdf
PNG QR: /home/mario/desarrollos/nodejs/dramatiza-1/logs/entradas/ENC-C2DE6B0E30.png
Vista HTML del cuerpo: /home/mario/desarrollos/nodejs/dramatiza-1/logs/entradas/ENC-C2DE6B0E30.html

Enviado por SMTP: <71fac94c-90c4-2651-832a-b13e0f08533b@gmail.com>
Imágenes en el cuerpo: logo sí, personaje sí, QR sí

--- 2026-08-21T03:50:54.185Z ---
Para: marioradich@gmail.com
Asunto: Confirmación de inscripción

Hola Mario Radich!
Tu inscripción al Encuentro Nacional Dramatiza Salta 2026 fue registrada. Este es el detalle de los talleres:

• BUNRAKU: arte, técnica y educación (1° parte)
  Duración: 3 horas (se realiza en un solo día)
  Fecha: 10/10/26
  Hora: 09:30
• BUNRAKU: arte, técnica y educación (2° parte)
  Duración: 3 horas (se realiza en un solo día)
  Fecha: 11/10/26
  Hora: 10:00

Tipo de alimentación registrado: Sin restricción.

¡Nos vemos en el Encuentro Nacional Dramatiza Salta 2026!

--- ACREDITACIÓN ---
Código único: ENC-C2DE6B0E30
QR (300x300+): sí (incluido en el cuerpo del mensaje)
PDF adjunto: /home/mario/desarrollos/nodejs/dramatiza-1/logs/entradas/ENC-C2DE6B0E30.pdf
PNG QR: /home/mario/desarrollos/nodejs/dramatiza-1/logs/entradas/ENC-C2DE6B0E30.png
Vista HTML del cuerpo: /home/mario/desarrollos/nodejs/dramatiza-1/logs/entradas/ENC-C2DE6B0E30.html

Enviado por SMTP: <80bd036d-15fa-bf31-140e-d4da42c88714@gmail.com>
Imágenes en el cuerpo: logo sí, personaje sí, QR sí

--- 2026-08-21T03:52:16.023Z ---
Para: marioradich@gmail.com
Asunto: Confirmación de inscripción

Hola Mario Radich!
Tu inscripción al Encuentro Nacional Dramatiza Salta 2026 fue registrada. Este es el detalle de los talleres:

• BUNRAKU: arte, técnica y educación (1° parte)
  Duración: 3 horas (se realiza en un solo día)
  Fecha: 10/10/26
  Hora: 09:30
• BUNRAKU: arte, técnica y educación (2° parte)
  Duración: 3 horas (se realiza en un solo día)
  Fecha: 11/10/26
  Hora: 10:00

Tipo de alimentación registrado: Sin restricción.

¡Nos vemos en el Encuentro Nacional Dramatiza Salta 2026!

--- ACREDITACIÓN ---
Código único: ENC-C2DE6B0E30
QR (300x300+): sí (incluido en el cuerpo del mensaje)
PDF adjunto: /home/mario/desarrollos/nodejs/dramatiza-1/logs/entradas/ENC-C2DE6B0E30.pdf
PNG QR: /home/mario/desarrollos/nodejs/dramatiza-1/logs/entradas/ENC-C2DE6B0E30.png
Vista HTML del cuerpo: /home/mario/desarrollos/nodejs/dramatiza-1/logs/entradas/ENC-C2DE6B0E30.html

Enviado por SMTP: <d86eb6cf-2c5f-6e6f-181a-87bb29e127b6@gmail.com>
Imágenes en el cuerpo: logo sí, personaje sí, QR sí

--- 2026-08-21T03:54:18.409Z ---
Para: marioradich@gmail.com
Asunto: Confirmación de inscripción

Hola Mario Radich!
Tu inscripción al Encuentro Nacional Dramatiza Salta 2026 fue registrada. Este es el detalle de los talleres:

• BUNRAKU: arte, técnica y educación (1° parte)
  Duración: 3 horas (se realiza en un solo día)
  Fecha: 10/10/26
  Hora: 09:30
• BUNRAKU: arte, técnica y educación (2° parte)
  Duración: 3 horas (se realiza en un solo día)
  Fecha: 11/10/26
  Hora: 10:00

Tipo de alimentación registrado: Sin restricción.

¡Nos vemos en el Encuentro Nacional Dramatiza Salta 2026!

--- ACREDITACIÓN ---
Código único: ENC-C2DE6B0E30
QR (300x300+): sí (incluido en el cuerpo del mensaje)
PDF adjunto: /home/mario/desarrollos/nodejs/dramatiza-1/logs/entradas/ENC-C2DE6B0E30.pdf
PNG QR: /home/mario/desarrollos/nodejs/dramatiza-1/logs/entradas/ENC-C2DE6B0E30.png
Vista HTML del cuerpo: /home/mario/desarrollos/nodejs/dramatiza-1/logs/entradas/ENC-C2DE6B0E30.html

Enviado por SMTP: <9d8eae96-b05a-2fca-a997-c9740bdc4ad3@gmail.com>
Imágenes en el cuerpo: logo sí, personaje sí, QR sí

--- 2026-08-21T03:55:56.180Z ---
Para: marioradich@gmail.com
Asunto: Confirmación de inscripción

Hola Mario Radich!
Tu inscripción al Encuentro Nacional Dramatiza Salta 2026 fue registrada. Este es el detalle de los talleres:

• BUNRAKU: arte, técnica y educación (1° parte)
  Duración: 3 horas (se realiza en un solo día)
  Fecha: 10/10/26
  Hora: 09:30
• BUNRAKU: arte, técnica y educación (2° parte)
  Duración: 3 horas (se realiza en un solo día)
  Fecha: 11/10/26
  Hora: 10:00

Tipo de alimentación registrado: Sin restricción.

¡Nos vemos en el Encuentro Nacional Dramatiza Salta 2026!

--- ACREDITACIÓN ---
Código único: ENC-C2DE6B0E30
QR (300x300+): sí (incluido en el cuerpo del mensaje)
PDF adjunto: /home/mario/desarrollos/nodejs/dramatiza-1/logs/entradas/ENC-C2DE6B0E30.pdf
PNG QR: /home/mario/desarrollos/nodejs/dramatiza-1/logs/entradas/ENC-C2DE6B0E30.png
Vista HTML del cuerpo: /home/mario/desarrollos/nodejs/dramatiza-1/logs/entradas/ENC-C2DE6B0E30.html

Enviado por SMTP: <a277d9a8-b112-c97e-33ac-63d261051696@gmail.com>
Imágenes en el cuerpo: logo sí, personaje sí, QR sí

--- 2026-08-21T04:00:32.884Z ---
Para: marioradich@gmail.com
Asunto: Confirmación de inscripción

Hola Mario Radich!
Tu inscripción al Encuentro Nacional Dramatiza Salta 2026 fue registrada. Este es el detalle de los talleres:

• BUNRAKU: arte, técnica y educación (1° parte)
  Duración: 3 horas (se realiza en un solo día)
  Fecha: 10/10/26
  Hora: 09:30
• BUNRAKU: arte, técnica y educación (2° parte)
  Duración: 3 horas (se realiza en un solo día)
  Fecha: 11/10/26
  Hora: 10:00

Tipo de alimentación registrado: Sin restricción.

¡Nos vemos en el Encuentro Nacional Dramatiza Salta 2026!

--- ACREDITACIÓN ---
Código único: ENC-C2DE6B0E30
QR (300x300+): sí (incluido en el cuerpo del mensaje)
PDF adjunto: /home/mario/desarrollos/nodejs/dramatiza-1/logs/entradas/ENC-C2DE6B0E30.pdf
PNG QR: /home/mario/desarrollos/nodejs/dramatiza-1/logs/entradas/ENC-C2DE6B0E30.png
Vista HTML del cuerpo: /home/mario/desarrollos/nodejs/dramatiza-1/logs/entradas/ENC-C2DE6B0E30.html

Enviado por SMTP: <91c1880f-1216-4dd0-9803-feb729c630a9@gmail.com>
Imágenes en el cuerpo: logo sí, personaje sí, QR sí

--- 2026-08-21T04:01:45.019Z ---
Para: marioradich@gmail.com
Asunto: Confirmación de inscripción

Hola Mario Radich!
Tu inscripción al Encuentro Nacional Dramatiza Salta 2026 fue registrada. Este es el detalle de los talleres:

• BUNRAKU: arte, técnica y educación (1° parte)
  Duración: 3 horas (se realiza en un solo día)
  Fecha: 10/10/26
  Hora: 09:30
• BUNRAKU: arte, técnica y educación (2° parte)
  Duración: 3 horas (se realiza en un solo día)
  Fecha: 11/10/26
  Hora: 10:00

Tipo de alimentación registrado: Sin restricción.

¡Nos vemos en el Encuentro Nacional Dramatiza Salta 2026!

--- ACREDITACIÓN ---
Código único: ENC-C2DE6B0E30
QR (300x300+): sí (incluido en el cuerpo del mensaje)
PDF adjunto: /home/mario/desarrollos/nodejs/dramatiza-1/logs/entradas/ENC-C2DE6B0E30.pdf
PNG QR: /home/mario/desarrollos/nodejs/dramatiza-1/logs/entradas/ENC-C2DE6B0E30.png
Vista HTML del cuerpo: /home/mario/desarrollos/nodejs/dramatiza-1/logs/entradas/ENC-C2DE6B0E30.html

Enviado por SMTP: <7dfe9921-3e65-72c6-e12d-7426fcf7ecea@gmail.com>
Imágenes en el cuerpo: logo sí, personaje sí, QR sí

--- 2026-08-22T04:41:49.501Z ---
Para: marioradich@gmail.com
Asunto: Confirmación de inscripción

Hola Mario Radich!
Tu inscripción al Encuentro Nacional Dramatiza Salta 2026 fue registrada. Este es el detalle de los talleres:

• BUNRAKU: arte, técnica y educación (1° parte)
  Duración: 3 horas (se realiza en un solo día)
  Fecha: 10/10/26
  Hora: 09:30
• BUNRAKU: arte, técnica y educación (2° parte)
  Duración: 3 horas (se realiza en un solo día)
  Fecha: 11/10/26
  Hora: 10:00

Tipo de alimentación registrado: Sin restricción.

¡Nos vemos en el Encuentro Nacional Dramatiza Salta 2026!

--- ACREDITACIÓN ---
Código único: ENC-C2DE6B0E30
QR (300x300+): sí (incluido en el cuerpo del mensaje)
PDF adjunto: /home/mario/desarrollos/nodejs/dramatiza-1/logs/entradas/ENC-C2DE6B0E30.pdf
PNG QR: /home/mario/desarrollos/nodejs/dramatiza-1/logs/entradas/ENC-C2DE6B0E30.png
Vista HTML del cuerpo: /home/mario/desarrollos/nodejs/dramatiza-1/logs/entradas/ENC-C2DE6B0E30.html

Enviado por SMTP: <bf0b6388-9e54-b7e6-3e12-f4e866380edf@gmail.com>
Imágenes en el cuerpo: logo sí, personaje sí, QR sí

--- 2026-08-26T03:10:51.669Z ---
Para: marioradich@gmail.com
Asunto: Confirmación de inscripción

Hola Mario Radich!
Tu inscripción al Encuentro Nacional Dramatiza Salta 2026 fue registrada. Este es el detalle de los talleres:

• Las llaves del aprendizaje: herramientas de la Dramaterapia y la Educación (1° parte)
  Duración: 3 horas (se realiza en un solo día)
  Fecha: 09/10/26
  Hora: 15:00
• BUNRAKU: arte, técnica y educación (1° parte)
  Duración: 3 horas (se realiza en un solo día)
  Fecha: 10/10/26
  Hora: 09:30
• Las llaves del aprendizaje: herramientas de la Dramaterapia y la Educación (2° parte)
  Duración: 3 horas (se realiza en un solo día)
  Fecha: 10/10/26
  Hora: 15:30
• BUNRAKU: arte, técnica y educación (2° parte)
  Duración: 3 horas (se realiza en un solo día)
  Fecha: 11/10/26
  Hora: 10:00
• Teatro con Inteligencia Artificial
  Duración: 3 horas (se realiza en un solo día)
  Fecha: 11/10/26
  Hora: 15:30

Tipo de alimentación registrado: Sin restricción.

¡Nos vemos en el Encuentro Nacional Dramatiza Salta 2026!

--- ACREDITACIÓN ---
Código único: ENC-8AF5E3B1BB
QR (300x300+): sí (incluido en el cuerpo del mensaje)
PDF adjunto: /home/mario/desarrollos/nodejs/dramatiza-1/logs/entradas/ENC-8AF5E3B1BB.pdf
PNG QR: /home/mario/desarrollos/nodejs/dramatiza-1/logs/entradas/ENC-8AF5E3B1BB.png
Vista HTML del cuerpo: /home/mario/desarrollos/nodejs/dramatiza-1/logs/entradas/ENC-8AF5E3B1BB.html

Enviado por SMTP: <31a2f51f-0c01-6736-6569-e9446a5cac3f@gmail.com>
Imágenes en el cuerpo: logo sí, personaje sí, QR sí

--- 2026-09-07T01:52:34.913Z ---
Para: mradichfoto@gmail.com
Asunto: Confirmación de inscripción

Hola Mario Radich!
Tu inscripción al Encuentro Nacional Dramatiza Salta 2026 fue registrada. Este es el detalle de los talleres:

• El Juego de Improvisación Teatral. Reglas y creación de la improvisación para la enseñanza
  Fecha: 09/10/2026
  Hora: 15:00
• Escuelas porosas: Enseñar teatro en tiempos complejos. La ESI como herramienta de transformación. Revisión de paradigmas
  Fecha: 10/10/2026
  Hora: 09:30
• El Juego de Improvisación Teatral. Reglas y creación de la improvisación para la enseñanza (2° parte)
  Fecha: 10/10/2026
  Hora: 15:30
• Escuelas porosas: Enseñar teatro en tiempos complejos. La ESI como herramienta de transformación. Revisión de paradigmas
  Fecha: 11/10/2026
  Hora: 10:00
• Teatro con Inteligencia Artificial
  Fecha: 11/10/2026
  Hora: 15:30

Tipo de alimentación registrado: Sin restricción.
Teléfono de contacto: 3874404730.

¡Nos vemos en el Encuentro Nacional Dramatiza Salta 2026!

--- ACREDITACIÓN ---
Código único: DSLA-00464DF258
QR (300x300+): sí (incluido en el cuerpo del mensaje)
PDF adjunto: /home/mario/desarrollos/nodejs/dramatiza-1/logs/entradas/DSLA-00464DF258.pdf
PNG QR: /home/mario/desarrollos/nodejs/dramatiza-1/logs/entradas/DSLA-00464DF258.png
Vista HTML del cuerpo: /home/mario/desarrollos/nodejs/dramatiza-1/logs/entradas/DSLA-00464DF258.html

Enviado por SMTP: <afb66814-b19a-18dd-4e08-1aa3d1dcde79@gmail.com>
Imágenes en el cuerpo: logo sí, personaje sí, QR sí

--- 2026-09-07T01:54:06.807Z ---
Para: mradichfoto@gmail.com
Asunto: Confirmación de inscripción

Hola Mario Radich!
Tu inscripción al Encuentro Nacional Dramatiza Salta 2026 fue registrada. Este es el detalle de los talleres:

• El Juego de Improvisación Teatral. Reglas y creación de la improvisación para la enseñanza
  Fecha: 09/10/2026
  Hora: 15:00
• Escuelas porosas: Enseñar teatro en tiempos complejos. La ESI como herramienta de transformación. Revisión de paradigmas
  Fecha: 10/10/2026
  Hora: 09:30
• El Juego de Improvisación Teatral. Reglas y creación de la improvisación para la enseñanza (2° parte)
  Fecha: 10/10/2026
  Hora: 15:30
• Escuelas porosas: Enseñar teatro en tiempos complejos. La ESI como herramienta de transformación. Revisión de paradigmas
  Fecha: 11/10/2026
  Hora: 10:00
• Teatro con Inteligencia Artificial
  Fecha: 11/10/2026
  Hora: 15:30

Tipo de alimentación registrado: Sin restricción.
Teléfono de contacto: 3874404730.

¡Nos vemos en el Encuentro Nacional Dramatiza Salta 2026!

--- ACREDITACIÓN ---
Código único: DSLA-00464DF258
QR (300x300+): sí (incluido en el cuerpo del mensaje)
PDF adjunto: /home/mario/desarrollos/nodejs/dramatiza-1/logs/entradas/DSLA-00464DF258.pdf
PNG QR: /home/mario/desarrollos/nodejs/dramatiza-1/logs/entradas/DSLA-00464DF258.png
Vista HTML del cuerpo: /home/mario/desarrollos/nodejs/dramatiza-1/logs/entradas/DSLA-00464DF258.html

Enviado por SMTP: <7bf3b6d8-9822-7416-e203-5d122f5c0eeb@gmail.com>
Imágenes en el cuerpo: logo sí, personaje sí, QR sí

--- 2026-09-07T01:55:17.524Z ---
Para: mradichfoto@gmail.com
Asunto: Confirmación de inscripción

Hola Mario Radich!
Tu inscripción al Encuentro Nacional Dramatiza Salta 2026 fue registrada. Este es el detalle de los talleres:

• El Juego de Improvisación Teatral. Reglas y creación de la improvisación para la enseñanza
  Fecha: 09/10/2026
  Hora: 15:00
• Escuelas porosas: Enseñar teatro en tiempos complejos. La ESI como herramienta de transformación. Revisión de paradigmas
  Fecha: 10/10/2026
  Hora: 09:30
• El Juego de Improvisación Teatral. Reglas y creación de la improvisación para la enseñanza (2° parte)
  Fecha: 10/10/2026
  Hora: 15:30
• Escuelas porosas: Enseñar teatro en tiempos complejos. La ESI como herramienta de transformación. Revisión de paradigmas
  Fecha: 11/10/2026
  Hora: 10:00
• Teatro con Inteligencia Artificial
  Fecha: 11/10/2026
  Hora: 15:30

Tipo de alimentación registrado: Sin restricción.
Teléfono de contacto: 3874404730.

¡Nos vemos en el Encuentro Nacional Dramatiza Salta 2026!

--- ACREDITACIÓN ---
Código único: DSLA-00464DF258
QR (300x300+): sí (incluido en el cuerpo del mensaje)
PDF adjunto: /home/mario/desarrollos/nodejs/dramatiza-1/logs/entradas/DSLA-00464DF258.pdf
PNG QR: /home/mario/desarrollos/nodejs/dramatiza-1/logs/entradas/DSLA-00464DF258.png
Vista HTML del cuerpo: /home/mario/desarrollos/nodejs/dramatiza-1/logs/entradas/DSLA-00464DF258.html

Enviado por SMTP: <86efd999-ca70-e420-f212-fe10e68847b1@gmail.com>
Imágenes en el cuerpo: logo sí, personaje sí, QR sí

--- 2026-09-07T01:56:38.072Z ---
Para: mradichfoto@gmail.com
Asunto: Confirmación de inscripción

Hola Mario Radich!
Tu inscripción al Encuentro Nacional Dramatiza Salta 2026 fue registrada. Este es el detalle de los talleres:

• El Juego de Improvisación Teatral. Reglas y creación de la improvisación para la enseñanza
  Fecha: 09/10/2026
  Hora: 15:00
• Escuelas porosas: Enseñar teatro en tiempos complejos. La ESI como herramienta de transformación. Revisión de paradigmas
  Fecha: 10/10/2026
  Hora: 09:30
• El Juego de Improvisación Teatral. Reglas y creación de la improvisación para la enseñanza (2° parte)
  Fecha: 10/10/2026
  Hora: 15:30
• Escuelas porosas: Enseñar teatro en tiempos complejos. La ESI como herramienta de transformación. Revisión de paradigmas
  Fecha: 11/10/2026
  Hora: 10:00
• Teatro con Inteligencia Artificial
  Fecha: 11/10/2026
  Hora: 15:30

Tipo de alimentación registrado: Sin restricción.
Teléfono de contacto: 3874404730.

¡Nos vemos en el Encuentro Nacional Dramatiza Salta 2026!

--- ACREDITACIÓN ---
Código único: DSLA-00464DF258
QR (300x300+): sí (incluido en el cuerpo del mensaje)
PDF adjunto: /home/mario/desarrollos/nodejs/dramatiza-1/logs/entradas/DSLA-00464DF258.pdf
PNG QR: /home/mario/desarrollos/nodejs/dramatiza-1/logs/entradas/DSLA-00464DF258.png
Vista HTML del cuerpo: /home/mario/desarrollos/nodejs/dramatiza-1/logs/entradas/DSLA-00464DF258.html

Enviado por SMTP: <7efe975f-fceb-b1ec-d1ad-b14d6c694b30@gmail.com>
Imágenes en el cuerpo: logo sí, personaje sí, QR sí

--- 2026-09-07T01:58:49.114Z ---
Para: mradichfoto@gmail.com
Asunto: Confirmación de inscripción

Hola Mario Radich!
Tu inscripción al Encuentro Nacional Dramatiza Salta 2026 fue registrada. Este es el detalle de los talleres:

• El Juego de Improvisación Teatral. Reglas y creación de la improvisación para la enseñanza
  Fecha: 09/10/2026
  Hora: 15:00
• Escuelas porosas: Enseñar teatro en tiempos complejos. La ESI como herramienta de transformación. Revisión de paradigmas
  Fecha: 10/10/2026
  Hora: 09:30
• El Juego de Improvisación Teatral. Reglas y creación de la improvisación para la enseñanza (2° parte)
  Fecha: 10/10/2026
  Hora: 15:30
• Escuelas porosas: Enseñar teatro en tiempos complejos. La ESI como herramienta de transformación. Revisión de paradigmas
  Fecha: 11/10/2026
  Hora: 10:00
• Teatro con Inteligencia Artificial
  Fecha: 11/10/2026
  Hora: 15:30

Tipo de alimentación registrado: Sin restricción.
Teléfono de contacto: 3874404730.

¡Nos vemos en el Encuentro Nacional Dramatiza Salta 2026!

--- ACREDITACIÓN ---
Código único: DSLA-00464DF258
QR (300x300+): sí (incluido en el cuerpo del mensaje)
PDF adjunto: /home/mario/desarrollos/nodejs/dramatiza-1/logs/entradas/DSLA-00464DF258.pdf
PNG QR: /home/mario/desarrollos/nodejs/dramatiza-1/logs/entradas/DSLA-00464DF258.png
Vista HTML del cuerpo: /home/mario/desarrollos/nodejs/dramatiza-1/logs/entradas/DSLA-00464DF258.html

Enviado por SMTP: <c8850b15-91ea-ea41-e19e-5e1806c7db80@gmail.com>
Imágenes en el cuerpo: logo sí, personaje sí, QR sí

--- 2026-09-07T02:07:42.822Z ---
Para: mradichfoto@gmail.com
Asunto: Confirmación de inscripción

Hola Mario Radich!
Tu inscripción al Encuentro Nacional Dramatiza Salta 2026 fue registrada. Este es el detalle de los talleres:

• El Juego de Improvisación Teatral. Reglas y creación de la improvisación para la enseñanza
  Fecha: 09/10/2026
  Hora: 15:00
• Escuelas porosas: Enseñar teatro en tiempos complejos. La ESI como herramienta de transformación. Revisión de paradigmas
  Fecha: 10/10/2026
  Hora: 09:30
• El Juego de Improvisación Teatral. Reglas y creación de la improvisación para la enseñanza (2° parte)
  Fecha: 10/10/2026
  Hora: 15:30
• Escuelas porosas: Enseñar teatro en tiempos complejos. La ESI como herramienta de transformación. Revisión de paradigmas
  Fecha: 11/10/2026
  Hora: 10:00
• Teatro con Inteligencia Artificial
  Fecha: 11/10/2026
  Hora: 15:30

Tipo de alimentación registrado: Sin restricción.
Teléfono de contacto: 3874404730.

¡Nos vemos en el Encuentro Nacional Dramatiza Salta 2026!

--- ACREDITACIÓN ---
Código único: DSLA-00464DF258
QR (300x300+): sí (incluido en el cuerpo del mensaje)
PDF adjunto: /home/mario/desarrollos/nodejs/dramatiza-1/logs/entradas/DSLA-00464DF258.pdf
PNG QR: /home/mario/desarrollos/nodejs/dramatiza-1/logs/entradas/DSLA-00464DF258.png
Vista HTML del cuerpo: /home/mario/desarrollos/nodejs/dramatiza-1/logs/entradas/DSLA-00464DF258.html

Enviado por SMTP: <e74d1801-97fe-4a04-4c53-abff36061cea@gmail.com>
Imágenes en el cuerpo: logo sí, personaje sí, QR sí

--- 2026-09-07T02:13:37.091Z ---
Para: mradichfoto@gmail.com
Asunto: Confirmación de inscripción

Hola Mario Radich!
Tu inscripción al Encuentro Nacional Dramatiza Salta 2026 fue registrada. Este es el detalle de los talleres:

• El Juego de Improvisación Teatral. Reglas y creación de la improvisación para la enseñanza
  Fecha: 09/10/2026
  Hora: 15:00
• Escuelas porosas: Enseñar teatro en tiempos complejos. La ESI como herramienta de transformación. Revisión de paradigmas
  Fecha: 10/10/2026
  Hora: 09:30
• El Juego de Improvisación Teatral. Reglas y creación de la improvisación para la enseñanza (2° parte)
  Fecha: 10/10/2026
  Hora: 15:30
• Escuelas porosas: Enseñar teatro en tiempos complejos. La ESI como herramienta de transformación. Revisión de paradigmas
  Fecha: 11/10/2026
  Hora: 10:00
• Teatro con Inteligencia Artificial
  Fecha: 11/10/2026
  Hora: 15:30

Tipo de alimentación registrado: Sin restricción.
Teléfono de contacto: 3874404730.

¡Nos vemos en el Encuentro Nacional Dramatiza Salta 2026!

--- ACREDITACIÓN ---
Código único: DSLA-00464DF258
QR (300x300+): sí (incluido en el cuerpo del mensaje)
PDF adjunto: /home/mario/desarrollos/nodejs/dramatiza-1/logs/entradas/DSLA-00464DF258.pdf
PNG QR: /home/mario/desarrollos/nodejs/dramatiza-1/logs/entradas/DSLA-00464DF258.png
Vista HTML del cuerpo: /home/mario/desarrollos/nodejs/dramatiza-1/logs/entradas/DSLA-00464DF258.html

Enviado por SMTP: <a4a399c5-28bb-6166-a8d4-3bc726ec1749@gmail.com>
Imágenes en el cuerpo: logo sí, personaje sí, QR sí
